                  :-) GROMACS - gmx mdrun, 2026.3-Homebrew (-:

Copyright 1991-2026 The GROMACS Authors.
GROMACS is free software; you can redistribute it and/or modify it
under the terms of the GNU Lesser General Public License
as published by the Free Software Foundation; either version 2.1
of the License, or (at your option) any later version.

                         Current GROMACS contributors:
       Mark Abraham           Andrey Alekseenko           Brian Andrews       
        Paul Bauer              Cathrine Bergh              Hugh Bird         
      Eliane Briand               Ania Brown                Yiqi Chen         
      Mahesh Doijade            Giacomo Fiorin          Stefan Fleischmann    
      Sergey Gorelov         Gilles Gouaillardet            Alan Gray         
   Farzaneh Jalalypour         Petter Johansson          Carsten Kutzner      
    Grzegorz Łazarski         Justin A. Lemkul          Magnus Lundborg      
        Julio Maia               Pascal Merz             Vedran Miletić      
      Dmitry Morozov           Lukas Müllender           Szilárd Páll      
 Andrea Pasquadibisceglie     Michele Pellegrino         Nicola Piasentin     
     Daniele Rapetti         Muhammad Umair Sadiq         Hubert Santuz       
      Michael Shirts           Tatiana Shugaeva          Alexey Shvetsov      
     Bálint Soproni            Philip Turner            Alessandra Villa     
        Yang Zhang        

                         Previous GROMACS contributors:
        Emile Apol             Rossen Apostolov           James Barnett       
      Vladimir Basov        Herman J.C. Berendsen          Par Bjelkmar       
      Christian Blau          Viacheslav Bolnykh            Kevin Boyd        
    Aldert van Buuren          Carlo Camilloni           Rudi van Drunen      
      Anton Feenstra           Oliver Fleetwood            Vytas Gapsys       
       Gaurav Garg             Gerrit Groenhof            Bert de Groot       
      Anca Hamuraru           Vincent Hindriksen          Victor Holanda      
     M. Eric Irrgang           Aleksei Iupinov              Joe Jordan        
    Christoph Junghans        Prashanth Kanduri        Dimitrios Karkoulis    
       Peter Kasson             Sebastian Kehl           Sebastian Keller     
        Jiri Kraus               Per Larsson              Viveca Lindahl      
      Erik Marklund           Pieter Meulenhoff           Teemu Murtola       
       Julien Nabet              Sander Pronk             Roland Schulz       
      Alfons Sijbers         David van der Spoel          Peter Tieleman      
      Carsten Uphoff             Jon Vincent             Teemu Virolainen     
    Christian Wennberg     Sebastian Wingbermühle         Maarten Wolf       
      Artem Zhmurov       

                  Coordinated by the GROMACS project leaders:
                           Berk Hess and Erik Lindahl

GROMACS:      gmx mdrun, version 2026.3-Homebrew
Executable:   /opt/homebrew/bin/../Cellar/gromacs/2026.3_1/bin/gmx
Data prefix:  /opt/homebrew/bin/../Cellar/gromacs/2026.3_1
Working dir:  /Users/lianahovsepyan/Desktop/gromacs_project
Process ID:   2922
Command line:
  gmx mdrun -deffnm nvt

GROMACS version:     2026.3-Homebrew
Precision:           mixed
Memory model:        64 bit
MPI library:         thread_mpi
MPI version:         built in
OpenMP support:      enabled (GMX_OPENMP_MAX_THREADS = 128)
GPU support:         disabled
SIMD instructions:   ARM_NEON_ASIMD
CPU FFT library:     fftw-3.3.11
GPU FFT library:     none
Multi-GPU FFT:       none
TNG support:         enabled
Hwloc support:       disabled
Tracing support:     disabled
Colvars support:     enabled (version 2025-10-13)
CP2K support:        disabled
Torch support:       disabled
Plumed support:      enabled
C compiler:          /usr/bin/clang
C compiler flags:    -Wno-missing-field-initializers -fno-stack-check -O3 -DNDEBUG
C++ compiler:        /usr/bin/clang++
C++ compiler flags:  -Wno-reserved-identifier -Wno-missing-field-initializers -fno-stack-check -Weverything -Wno-c++98-compat -Wno-c++98-compat-pedantic -Wno-return-std-move-in-c++11 -Wno-source-uses-openmp -Wno-c++17-extensions -Wno-documentation-unknown-command -Wno-covered-switch-default -Wno-switch-enum -Wno-switch-default -Wno-extra-semi-stmt -Wno-weak-vtables -Wno-shadow -Wno-padded -Wno-reserved-id-macro -Wno-double-promotion -Wno-exit-time-destructors -Wno-global-constructors -Wno-documentation -Wno-format-nonliteral -Wno-used-but-marked-unused -Wno-float-equal -Wno-conditional-uninitialized -Wno-conversion -Wno-disabled-macro-expansion -Wno-unused-macros -Wno-unsafe-buffer-usage -Wno-stringop-truncation -Wno-cast-function-type-strict SHELL:-Xclang -fopenmp -O3 -DNDEBUG
BLAS library:        External - detected on the system
LAPACK library:      External - detected on the system


Running on 1 node with total 0 processing units
Hardware detected on host MacBook-Neo-Liana.local:
  CPU info:
    Vendor: ARM
    Brand:  Unknown CPU brand
    Family: 0   Model: 0   Stepping: 0
    Features: neon neon_asimd
  Hardware topology: Only logical processor count
    CPU limit set by OS: -1   Recommended max number of threads: 6


++++ PLEASE READ AND CITE THE FOLLOWING REFERENCE ++++
M. J. Abraham, T. Murtola, R. Schulz, S. Páll, J. C. Smith, B. Hess, E.
Lindahl
GROMACS: High performance molecular simulations through multi-level
parallelism from laptops to supercomputers
SoftwareX (2015)
https://doi.org/10.1016/j.softx.2015.06.001
-------- -------- --- Thank You --- -------- --------


++++ PLEASE READ AND CITE THE FOLLOWING REFERENCE ++++
S. Páll, M. J. Abraham, C. Kutzner, B. Hess, E. Lindahl
Tackling Exascale Software Challenges in Molecular Dynamics Simulations with
GROMACS
In S. Markidis & E. Laure (Eds.), Solving Software Challenges for Exascale (2015)
https://doi.org/10.1007/978-3-319-15976-8_1
-------- -------- --- Thank You --- -------- --------


++++ PLEASE READ AND CITE THE FOLLOWING REFERENCE ++++
S. Pronk, S. Páll, R. Schulz, P. Larsson, P. Bjelkmar, R. Apostolov, M. R.
Shirts, J. C. Smith, P. M. Kasson, D. van der Spoel, B. Hess, E. Lindahl
GROMACS 4.5: a high-throughput and highly parallel open source molecular
simulation toolkit
Bioinformatics (2013)
https://doi.org/10.1093/bioinformatics/btt055
-------- -------- --- Thank You --- -------- --------


++++ PLEASE READ AND CITE THE FOLLOWING REFERENCE ++++
B. Hess, C. Kutzner, D. van der Spoel, E. Lindahl
GROMACS 4: Algorithms for highly efficient, load-balanced, and scalable
molecular simulation
J. Chem. Theory Comput. (2008)
https://doi.org/10.1021/ct700301q
-------- -------- --- Thank You --- -------- --------


++++ PLEASE READ AND CITE THE FOLLOWING REFERENCE ++++
D. van der Spoel, E. Lindahl, B. Hess, G. Groenhof, A. E. Mark, H. J. C.
Berendsen
GROMACS: Fast, Flexible and Free
J. Comp. Chem. (2005)
https://doi.org/10.1002/jcc.20291
-------- -------- --- Thank You --- -------- --------


++++ PLEASE READ AND CITE THE FOLLOWING REFERENCE ++++
E. Lindahl, B. Hess, D. van der Spoel
GROMACS 3.0: A package for molecular simulation and trajectory analysis
J. Mol. Mod. (2001)
https://doi.org/10.1007/s008940100045
-------- -------- --- Thank You --- -------- --------


++++ PLEASE READ AND CITE THE FOLLOWING REFERENCE ++++
H. J. C. Berendsen, D. van der Spoel and R. van Drunen
GROMACS: A message-passing parallel molecular dynamics implementation
Comp. Phys. Comm. (1995)
https://doi.org/10.1016/0010-4655(95)00042-E
-------- -------- --- Thank You --- -------- --------

Input Parameters:
   integrator                     = md
   tinit                          = 0
   dt                             = 0.002
   nsteps                         = 5000
   init-step                      = 0
   simulation-part                = 1
   mts                            = false
   mass-repartition-factor        = 1
   comm-mode                      = Linear
   nstcomm                        = 100
   bd-fric                        = 0
   ld-seed                        = -135530499
   emtol                          = 10
   emstep                         = 0.01
   niter                          = 20
   fcstep                         = 0
   nstcgsteep                     = 1000
   nbfgscorr                      = 10
   rtpi                           = 0.05
   nstxout                        = 500
   nstvout                        = 500
   nstfout                        = 0
   nstlog                         = 500
   nstcalcenergy                  = 100
   nstenergy                      = 500
   nstxout-compressed             = 0
   compressed-x-precision         = 1000
   cutoff-scheme                  = Verlet
   nstlist                        = 10
   pbc                            = xyz
   periodic-molecules             = false
   verlet-buffer-tolerance        = 0.005
   verlet-buffer-pressure-tolerance = 0.5
   rlist                          = 1
   coulombtype                    = PME
   coulomb-modifier               = Potential-shift
   rcoulomb-switch                = 0
   rcoulomb                       = 1
   epsilon-r                      = 1
   epsilon-rf                     = inf
   vdw-type                       = Cut-off
   vdw-modifier                   = Potential-shift
   rvdw-switch                    = 0
   rvdw                           = 1
   DispCorr                       = EnerPres
   table-extension                = 1
   fourierspacing                 = 0.16
   fourier-nx                     = 44
   fourier-ny                     = 44
   fourier-nz                     = 44
   pme-order                      = 4
   ewald-rtol                     = 1e-05
   ewald-rtol-lj                  = 0.001
   lj-pme-comb-rule               = Geometric
   ewald-geometry                 = 3d
   epsilon-surface                = 0
   ensemble-temperature-setting   = constant
   ensemble-temperature           = 300
   tcoupl                         = V-rescale
   nsttcouple                     = 10
   nh-chain-length                = 0
   print-nose-hoover-chain-variables = false
   pcoupl                         = No
   refcoord-scaling               = No
   posres-com: not available
   posres-comB: not available
   QMMM                           = false
qm-opts:
   ngQM                           = 0
   constraint-algorithm           = Lincs
   continuation                   = false
   Shake-SOR                      = false
   shake-tol                      = 0.0001
   lincs-order                    = 4
   lincs-iter                     = 1
   lincs-warnangle                = 30
   nwall                          = 0
   wall-type                      = 9-3
   wall-r-linpot                  = -1
   wall-atomtype[0]               = -1
   wall-atomtype[1]               = -1
   wall-density[0]                = 0
   wall-density[1]                = 0
   wall-ewald-zfac                = 3
   pull                           = false
   awh                            = false
   rotation                       = false
   interactiveMD                  = false
   disre                          = No
   disre-weighting                = Conservative
   disre-mixed                    = false
   dr-fc                          = 1000
   dr-tau                         = 0
   nstdisreout                    = 100
   orire-fc                       = 0
   orire-tau                      = 0
   nstorireout                    = 100
   free-energy                    = no
   cos-acceleration               = 0
   deform (3x3):
      deform[    0]={ 0.00000e+00,  0.00000e+00,  0.00000e+00}
      deform[    1]={ 0.00000e+00,  0.00000e+00,  0.00000e+00}
      deform[    2]={ 0.00000e+00,  0.00000e+00,  0.00000e+00}
   simulated-tempering            = false
   swapcoords                     = no
   userint1                       = 0
   userint2                       = 0
   userint3                       = 0
   userint4                       = 0
   userreal1                      = 0
   userreal2                      = 0
   userreal3                      = 0
   userreal4                      = 0
   applied-forces:
     electric-field:
       x:
         E0                       = 0
         omega                    = 0
         t0                       = 0
         sigma                    = 0
       y:
         E0                       = 0
         omega                    = 0
         t0                       = 0
         sigma                    = 0
       z:
         E0                       = 0
         omega                    = 0
         t0                       = 0
         sigma                    = 0
     density-guided-simulation:
       active                     = false
       group                      = protein
       similarity-measure         = inner-product
       atom-spreading-weight      = unity
       force-constant             = 1e+09
       gaussian-transform-spreading-width = 0.2
       gaussian-transform-spreading-range-in-multiples-of-width = 4
       reference-density-filename = reference.mrc
       nst                        = 1
       normalize-densities        = true
       adaptive-force-scaling     = false
       adaptive-force-scaling-time-constant = 4
       shift-vector               = 
       transformation-matrix      = 
     qmmm-cp2k:
       active                     = false
       qmgroup                    = System
       qmmethod                   = PBE
       qmfilenames                = 
       qmcharge                   = 0
       qmmultiplicity             = 1
     colvars:
       active                     = false
       configfile                 = 
       seed                       = -1
     nnpot:
       active                     = false
       modelfile                  = model.pt
       input-group                = System
       link-type                  = H
       link-distance              = 0.1
       pair-cutoff                = 0
       embedding                  = mechanical
       nnp-charge                 = 0
       model-input1               = 
       model-input2               = 
       model-input3               = 
       model-input4               = 
       model-input5               = 
       model-input6               = 
       model-input7               = 
       model-input8               = 
       model-input9               = 
   fast-multipole-method:
     fmm:
       backend                    = inactive
       exafmm-order               = 6
       exafmm-direct-range        = 2
       exafmm-direct-provider     = GROMACS
       exafmm-tree-type           = uniform
       exafmm-tree-depth          = 0
       exafmm-max-particles-per-cell = 0
       fmsolvr-order              = 8
       fmsolvr-direct-range       = 1
       fmsolvr-direct-provider    = FMM
       fmsolvr-dipole-compensation = true
       fmsolvr-tree-depth         = 3
       fmsolvr-sparse             = false
grpopts:
   nrdf:      4920.7     44007.3
   ref-t:         300         300
   tau-t:         0.1         0.1
annealing:          No          No
annealing-npoints:           0           0
   acc:	           0           0           0
   nfreeze:           N           N           N
   energygrp-flags[  0]: 0

Changing nstlist from 10 to 50, rlist from 1 to 1.106


Initializing Domain Decomposition on 1 ranks
Dynamic load balancing: auto
Using update groups, nr 8340, average size 2.9 atoms, max. radius 0.104 nm
Minimum cell size due to atom displacement: 0.398 nm
Initial maximum distances in bonded interactions:
    two-body bonded interactions: 0.446 nm, LJ-14, atoms 1156 1405
  multi-body bonded interactions: 0.446 nm, Proper Dih., atoms 1156 1405
Minimum cell size due to bonded interactions: 0.491 nm
Using 0 separate PME ranks because: there are too few total ranks for efficient splitting
Optimizing the DD grid for 1 cells with a minimum initial size of 0.491 nm
The maximum allowed number of cells is: X 11 Y 11 Z 10
Domain decomposition grid 1 x 1 x 1, separate PME ranks 0
PME domain decomposition: 1 x 1 x 1

The initial number of communication pulses is:
The initial domain decomposition cell size is:

The maximum allowed distance for atom groups involved in interactions is:
                 non-bonded interactions           1.314 nm
            two-body bonded interactions  (-rdd)   1.314 nm
          multi-body bonded interactions  (-rdd)   1.314 nm

When dynamic load balancing gets turned on, these settings will change to:
The maximum number of communication pulses is:
The minimum size for domain decomposition cells is 1.314 nm
The requested allowed shrink of DD cells (option -dds) is: 0.80
The allowed shrink of domain decomposition cells is:
The maximum allowed distance for atom groups involved in interactions is:
                 non-bonded interactions           1.314 nm
            two-body bonded interactions  (-rdd)   1.314 nm
          multi-body bonded interactions  (-rdd)   1.314 nm

Local state does not use filler particles

Using 1 MPI thread
Using 6 OpenMP threads 

System total charge: 0.000
Will do PME sum in reciprocal space for electrostatic interactions.

++++ PLEASE READ AND CITE THE FOLLOWING REFERENCE ++++
U. Essmann, L. Perera, M. L. Berkowitz, T. Darden, H. Lee, L. G. Pedersen 
A smooth particle mesh Ewald method
J. Chem. Phys. (1995)
https://doi.org/10.1063/1.470117
-------- -------- --- Thank You --- -------- --------

Using a Gaussian width (1/beta) of 0.320163 nm for Ewald
Potential shift: LJ r^-12: -1.000e+00 r^-6: -1.000e+00, Ewald -1.000e-05
Initialized non-bonded Coulomb Ewald tables, spacing: 9.33e-04 size: 1073

Generated table with 1053 data points for 1-4 COUL.
Tabscale = 500 points/nm
Generated table with 1053 data points for 1-4 LJ6.
Tabscale = 500 points/nm
Generated table with 1053 data points for 1-4 LJ12.
Tabscale = 500 points/nm
Long Range LJ corr.: <C6> 3.1585e-04


Using SIMD4xM 4x4 nonbonded short-range kernels

Using a dual 4x4 pair-list setup updated with dynamic pruning:
  outer list: updated every 50 steps, buffer 0.106 nm, rlist 1.106 nm
  inner list: updated every 10 steps, buffer 0.000 nm, rlist 1.000 nm
At tolerance 0.005 kJ/mol/ps per atom, equivalent classical 1x1 list would be:
  outer list: updated every 50 steps, buffer 0.232 nm, rlist 1.232 nm
  inner list: updated every 10 steps, buffer 0.034 nm, rlist 1.034 nm

The average pressure is off by at most 0.44 bar due to missing LJ interactions

Using Lorentz-Berthelot Lennard-Jones combination rule
Removing pbc first time

Linking all bonded interactions to atoms


Initializing LINear Constraint Solver

++++ PLEASE READ AND CITE THE FOLLOWING REFERENCE ++++
B. Hess, H. Bekker, H. J. C. Berendsen, J. G. E. M. Fraaije
LINCS: A Linear Constraint Solver for molecular simulations
J. Comp. Chem. (1997)
https://doi.org/10.1002/(sici)1096-987x(199709)18:12<1463::aid-jcc4>3.0.co;2-h
-------- -------- --- Thank You --- -------- --------

The number of constraints is 959

++++ PLEASE READ AND CITE THE FOLLOWING REFERENCE ++++
S. Miyamoto, P. A. Kollman
SETTLE: An Analytical Version of the SHAKE and RATTLE Algorithms for Rigid
Water Models
J. Comp. Chem. (1992)
https://doi.org/10.1002/jcc.540130805
-------- -------- --- Thank You --- -------- --------


++++ PLEASE READ AND CITE THE FOLLOWING REFERENCE ++++
G. Bussi, D. Donadio, M. Parrinello
Canonical sampling through velocity rescaling
J. Chem. Phys. (2007)
https://doi.org/10.1063/1.2408420
-------- -------- --- Thank You --- -------- --------

There are: 23961 Atoms

Atom distribution over 1 domains: av 23961 stddev 0 min 23961 max 23961

Constraining the starting coordinates (step 0)

Constraining the coordinates at t0-dt (step 0)
Center of mass motion removal mode is Linear
We have the following groups for center of mass motion removal:
  0:  rest
RMS relative constraint deviation after constraining: 2.96e-06
Initial temperature: 299.503 K

Started mdrun on rank 0 Thu Sep 24 23:01:05 2026

           Step           Time
              0        0.00000

   Energies (kJ/mol)
           Bond          Angle    Proper Dih. Per. Imp. Dih.          LJ-14
    2.97003e+02    9.87723e+02    4.77586e+03    8.97293e+01    1.77735e+03
     Coulomb-14        LJ (SR)  Disper. corr.   Coulomb (SR)   Coul. recip.
    1.63706e+04    4.32814e+04   -3.11454e+03   -4.31616e+05    2.28801e+03
 Position Rest.      Potential    Kinetic En.   Total Energy  Conserved En.
    8.49572e-04   -3.64863e+05    6.09341e+04   -3.03929e+05   -3.03929e+05
    Temperature Pres. DC (bar) Pressure (bar)   Constr. rmsd
    2.99570e+02   -2.12577e+02   -4.06469e+03    3.03700e-06

           Step           Time
            500        1.00000

   Energies (kJ/mol)
           Bond          Angle    Proper Dih. Per. Imp. Dih.          LJ-14
    1.59039e+03    3.76041e+03    5.22015e+03    2.34872e+02    1.93908e+03
     Coulomb-14        LJ (SR)  Disper. corr.   Coulomb (SR)   Coul. recip.
    1.63883e+04    4.19003e+04   -3.11454e+03   -3.85268e+05    2.33986e+03
 Position Rest.      Potential    Kinetic En.   Total Energy  Conserved En.
    6.65758e+02   -3.14343e+05    6.10981e+04   -2.53245e+05   -3.03294e+05
    Temperature Pres. DC (bar) Pressure (bar)   Constr. rmsd
    3.00377e+02   -2.12577e+02   -2.69227e+02    2.90280e-06

           Step           Time
           1000        2.00000

   Energies (kJ/mol)
           Bond          Angle    Proper Dih. Per. Imp. Dih.          LJ-14
    1.45826e+03    3.77498e+03    5.22741e+03    2.63817e+02    1.94014e+03
     Coulomb-14        LJ (SR)  Disper. corr.   Coulomb (SR)   Coul. recip.
    1.61299e+04    4.03824e+04   -3.11454e+03   -3.82162e+05    2.35838e+03
 Position Rest.      Potential    Kinetic En.   Total Energy  Conserved En.
    6.31129e+02   -3.13111e+05    6.14566e+04   -2.51654e+05   -3.03300e+05
    Temperature Pres. DC (bar) Pressure (bar)   Constr. rmsd
    3.02139e+02   -2.12577e+02   -5.69889e+02    2.91276e-06

           Step           Time
           1500        3.00000

   Energies (kJ/mol)
           Bond          Angle    Proper Dih. Per. Imp. Dih.          LJ-14
    1.53767e+03    3.81023e+03    5.21874e+03    2.30724e+02    1.92937e+03
     Coulomb-14        LJ (SR)  Disper. corr.   Coulomb (SR)   Coul. recip.
    1.61856e+04    4.14252e+04   -3.11454e+03   -3.83986e+05    2.32846e+03
 Position Rest.      Potential    Kinetic En.   Total Energy  Conserved En.
    5.56083e+02   -3.13878e+05    6.08895e+04   -2.52989e+05   -3.03272e+05
    Temperature Pres. DC (bar) Pressure (bar)   Constr. rmsd
    2.99351e+02   -2.12577e+02    1.03822e+02    3.18805e-06

           Step           Time
           2000        4.00000

   Energies (kJ/mol)
           Bond          Angle    Proper Dih. Per. Imp. Dih.          LJ-14
    1.61228e+03    3.77174e+03    5.23247e+03    2.53360e+02    1.89180e+03
     Coulomb-14        LJ (SR)  Disper. corr.   Coulomb (SR)   Coul. recip.
    1.61276e+04    4.15302e+04   -3.11454e+03   -3.84833e+05    2.31165e+03
 Position Rest.      Potential    Kinetic En.   Total Energy  Conserved En.
    5.36233e+02   -3.14680e+05    6.13910e+04   -2.53289e+05   -3.03279e+05
    Temperature Pres. DC (bar) Pressure (bar)   Constr. rmsd
    3.01817e+02   -2.12577e+02   -7.03343e+02    2.93116e-06

           Step           Time
           2500        5.00000

   Energies (kJ/mol)
           Bond          Angle    Proper Dih. Per. Imp. Dih.          LJ-14
    1.49828e+03    3.72604e+03    5.21727e+03    2.67120e+02    1.95137e+03
     Coulomb-14        LJ (SR)  Disper. corr.   Coulomb (SR)   Coul. recip.
    1.62870e+04    4.08896e+04   -3.11454e+03   -3.84500e+05    2.29844e+03
 Position Rest.      Potential    Kinetic En.   Total Energy  Conserved En.
    5.53419e+02   -3.14925e+05    6.14582e+04   -2.53467e+05   -3.03279e+05
    Temperature Pres. DC (bar) Pressure (bar)   Constr. rmsd
    3.02147e+02   -2.12577e+02    3.40983e+02    3.13212e-06

           Step           Time
           3000        6.00000

   Energies (kJ/mol)
           Bond          Angle    Proper Dih. Per. Imp. Dih.          LJ-14
    1.47242e+03    3.76919e+03    5.21099e+03    2.69824e+02    1.90816e+03
     Coulomb-14        LJ (SR)  Disper. corr.   Coulomb (SR)   Coul. recip.
    1.62358e+04    4.14799e+04   -3.11454e+03   -3.84937e+05    2.39245e+03
 Position Rest.      Potential    Kinetic En.   Total Energy  Conserved En.
    4.82459e+02   -3.14830e+05    6.17733e+04   -2.53057e+05   -3.03279e+05
    Temperature Pres. DC (bar) Pressure (bar)   Constr. rmsd
    3.03696e+02   -2.12577e+02   -9.25315e+00    2.93815e-06

           Step           Time
           3500        7.00000

   Energies (kJ/mol)
           Bond          Angle    Proper Dih. Per. Imp. Dih.          LJ-14
    1.58338e+03    3.77893e+03    5.22139e+03    3.13886e+02    1.84246e+03
     Coulomb-14        LJ (SR)  Disper. corr.   Coulomb (SR)   Coul. recip.
    1.62363e+04    4.11807e+04   -3.11454e+03   -3.84073e+05    2.29592e+03
 Position Rest.      Potential    Kinetic En.   Total Energy  Conserved En.
    5.77235e+02   -3.14158e+05    6.08988e+04   -2.53259e+05   -3.03262e+05
    Temperature Pres. DC (bar) Pressure (bar)   Constr. rmsd
    2.99397e+02   -2.12577e+02   -1.00794e+03    2.95826e-06

           Step           Time
           4000        8.00000

   Energies (kJ/mol)
           Bond          Angle    Proper Dih. Per. Imp. Dih.          LJ-14
    1.62284e+03    3.80917e+03    5.19948e+03    2.76121e+02    1.84434e+03
     Coulomb-14        LJ (SR)  Disper. corr.   Coulomb (SR)   Coul. recip.
    1.61734e+04    4.28244e+04   -3.11454e+03   -3.85415e+05    2.28190e+03
 Position Rest.      Potential    Kinetic En.   Total Energy  Conserved En.
    5.57305e+02   -3.13940e+05    6.13292e+04   -2.52611e+05   -3.03279e+05
    Temperature Pres. DC (bar) Pressure (bar)   Constr. rmsd
    3.01513e+02   -2.12577e+02   -4.11414e+02    2.84188e-06

           Step           Time
           4500        9.00000

   Energies (kJ/mol)
           Bond          Angle    Proper Dih. Per. Imp. Dih.          LJ-14
    1.67762e+03    3.87296e+03    5.11828e+03    2.82920e+02    1.89654e+03
     Coulomb-14        LJ (SR)  Disper. corr.   Coulomb (SR)   Coul. recip.
    1.62242e+04    4.24194e+04   -3.11454e+03   -3.85293e+05    2.29277e+03
 Position Rest.      Potential    Kinetic En.   Total Energy  Conserved En.
    5.49236e+02   -3.14074e+05    6.11330e+04   -2.52941e+05   -3.03243e+05
    Temperature Pres. DC (bar) Pressure (bar)   Constr. rmsd
    3.00548e+02   -2.12577e+02    8.80027e+01    2.98392e-06

           Step           Time
           5000       10.00000

Writing checkpoint, step 5000 at Thu Sep 24 23:01:45 2026


   Energies (kJ/mol)
           Bond          Angle    Proper Dih. Per. Imp. Dih.          LJ-14
    1.57868e+03    3.88980e+03    5.15440e+03    2.40108e+02    1.93727e+03
     Coulomb-14        LJ (SR)  Disper. corr.   Coulomb (SR)   Coul. recip.
    1.62673e+04    4.10429e+04   -3.11454e+03   -3.83987e+05    2.41669e+03
 Position Rest.      Potential    Kinetic En.   Total Energy  Conserved En.
    5.63191e+02   -3.14011e+05    6.08088e+04   -2.53202e+05   -3.03245e+05
    Temperature Pres. DC (bar) Pressure (bar)   Constr. rmsd
    2.98954e+02   -2.12577e+02   -2.45925e+02    3.30588e-06


Energy conservation over simulation part #1 of length 10 ps, time 0 to 10 ps
  Conserved energy drift: 2.85e-03 kJ/mol/ps per atom


	<======  ###############  ==>
	<====  A V E R A G E S  ====>
	<==  ###############  ======>

	Statistics over 5001 steps using 51 frames

   Energies (kJ/mol)
           Bond          Angle    Proper Dih. Per. Imp. Dih.          LJ-14
    1.51631e+03    3.74796e+03    5.19029e+03    2.62732e+02    1.89818e+03
     Coulomb-14        LJ (SR)  Disper. corr.   Coulomb (SR)   Coul. recip.
    1.61874e+04    4.15628e+04   -3.11454e+03   -3.85718e+05    2.32201e+03
 Position Rest.      Potential    Kinetic En.   Total Energy  Conserved En.
    5.33617e+02   -3.15611e+05    6.07884e+04   -2.54823e+05   -3.03291e+05
    Temperature Pres. DC (bar) Pressure (bar)   Constr. rmsd
    2.98854e+02   -2.12577e+02   -3.63946e+02    0.00000e+00

   Total Virial (kJ/mol)
    2.31211e+04    2.19886e+02    1.87578e+02
    2.19993e+02    2.28938e+04   -1.63312e+02
    1.87346e+02   -1.64011e+02    2.27816e+04

   Pressure (bar)
   -3.86463e+02   -3.11578e+01   -1.83973e+01
   -3.11724e+01   -3.63034e+02    1.88204e+01
   -1.83655e+01    1.89157e+01   -3.42342e+02

      T-Protein  T-non-Protein
    2.99356e+02    2.98798e+02


	M E G A - F L O P S   A C C O U N T I N G

 NB=Group-cutoff nonbonded kernels    NxN=N-by-N cluster Verlet kernels
 RF=Reaction-Field  VdW=Van der Waals  QSTab=quadratic-spline table
 W3=SPC/TIP3p  W4=TIP4p (single or pairs)
 V&F=Potential and force  V=Potential only  F=Force only

 Computing:                               M-Number         M-Flops  % Flops
-----------------------------------------------------------------------------
 Pair Search distance check             727.196082        6544.765     0.1
 NxN Ewald Elec. + LJ [F]             36591.129672     2415014.558    52.6
 NxN Ewald Elec. + LJ [V&F]             377.031016       40342.319     0.9
 NxN Ewald Elec. [F]                  30655.120328     1869962.340    40.8
 NxN Ewald Elec. [V&F]                  315.863128       26532.503     0.6
 1,4 nonbonded interactions              25.535106        2298.160     0.1
 Calc Weights                           359.486883       12941.528     0.3
 Spread Q Bspline                      7669.053504       15338.107     0.3
 Gather F Bspline                      7669.053504       46014.321     1.0
 3D-FFT                               13954.470336      111635.763     2.4
 Solve PME                              222.684528       14251.810     0.3
 Reset In Box                             2.420061           7.260     0.0
 CG-CoM                                   2.444022           7.332     0.0
 Bonds                                    5.126025         302.435     0.0
 Angles                                  17.738547        2980.076     0.1
 Propers                                 27.875574        6383.506     0.1
 Impropers                                2.130426         443.129     0.0
 Pos. Restr.                              5.006001         250.300     0.0
 Virial                                   1.224306          22.038     0.0
 Stop-CM                                  1.245972          12.460     0.0
 Calc-Ekin                               24.008922         648.241     0.0
 Lincs                                    4.797877         287.873     0.0
 Lincs-Mat                               23.894328          95.577     0.0
 Constraint-V                           119.602822        1076.425     0.0
 Constraint-Vir                           1.170552          28.093     0.0
 Settle                                  36.676993       13570.487     0.3
-----------------------------------------------------------------------------
 Total                                                 4586991.405   100.0
-----------------------------------------------------------------------------


    D O M A I N   D E C O M P O S I T I O N   S T A T I S T I C S

 av. #atoms communicated per step for force:  2 x 0.0


      R E A L   C Y C L E   A N D   T I M E   A C C O U N T I N G

On 1 MPI rank, each using 6 OpenMP threads

 Activity:              Num   Num      Call    Wall time         Giga-Cycles
                        Ranks Threads  Count      (s)         total sum    %
--------------------------------------------------------------------------------
 Domain decomp.            1    6        101       0.249          1.495   0.6
 Neighbor search           1    6        101       1.067          6.404   2.7
 Force                     1    6       5001      30.297        181.779  77.3
 PME mesh                  1    6       5001       5.445         32.667  13.9
 NB X/F buffer ops.        1    6      10002       0.811          4.867   2.1
 Write traj.               1    6         11       0.084          0.503   0.2
 Update                    1    6       5001       0.397          2.380   1.0
 Constraints               1    6       5003       0.756          4.536   1.9
 Kinetic energy            1    6       1001       0.089          0.532   0.2
 Rest                                              0.024          0.146   0.1
--------------------------------------------------------------------------------
 Total                                            39.218        235.308 100.0
--------------------------------------------------------------------------------
 Breakdown of PME mesh activities
--------------------------------------------------------------------------------
 PME spread                1    6       5001       1.792         10.754   4.6
 PME gather                1    6       5001       1.625          9.750   4.1
 PME 3D-FFT                1    6      10002       1.897         11.384   4.8
 PME solve Elec            1    6       5001       0.099          0.596   0.3
--------------------------------------------------------------------------------

               Core t (s)   Wall t (s)        (%)
       Time:      235.309       39.218      600.0
                 (ns/day)    (hour/ns)    (ms/step)  (Matom*steps/s) 
Performance:       22.035        1.089        7.842            3.055 
Finished mdrun on rank 0 Thu Sep 24 23:01:45 2026

